// Jest Snapshot v1, https://goo.gl/fbAQLP

exports[`Test in HomeScreenComponent should show correctly 1`] = `
<div>
  <h1>
    HomeScreen
  </h1>
  <hr />
  <pre>
    {
   "name": "Franco",
   "email": "fran@gmail.com"
}
  </pre>
</div>
`;
